Archive member included to satisfy reference by file (symbol)

c:/st/stm32cubeide_1.6.1/stm32cubeide/plugins/com.st.stm32cube.ide.mcu.externaltools.gnu-tools-for-stm32.9-2020-q2-update.win32_2.0.0.202105311346/tools/bin/../lib/gcc/arm-none-eabi/9.3.1/../../../../arm-none-eabi/lib/thumb/v7e-m+fp/hard\libc_nano.a(lib_a-errno.o)
                              ./Core/Src/syscalls.o (__errno)
c:/st/stm32cubeide_1.6.1/stm32cubeide/plugins/com.st.stm32cube.ide.mcu.externaltools.gnu-tools-for-stm32.9-2020-q2-update.win32_2.0.0.202105311346/tools/bin/../lib/gcc/arm-none-eabi/9.3.1/../../../../arm-none-eabi/lib/thumb/v7e-m+fp/hard\libc_nano.a(lib_a-exit.o)
                              c:/st/stm32cubeide_1.6.1/stm32cubeide/plugins/com.st.stm32cube.ide.mcu.externaltools.gnu-tools-for-stm32.9-2020-q2-update.win32_2.0.0.202105311346/tools/bin/../lib/gcc/arm-none-eabi/9.3.1/../../../../arm-none-eabi/lib/thumb/v7e-m+fp/hard/crt0.o (exit)
c:/st/stm32cubeide_1.6.1/stm32cubeide/plugins/com.st.stm32cube.ide.mcu.externaltools.gnu-tools-for-stm32.9-2020-q2-update.win32_2.0.0.202105311346/tools/bin/../lib/gcc/arm-none-eabi/9.3.1/../../../../arm-none-eabi/lib/thumb/v7e-m+fp/hard\libc_nano.a(lib_a-impure.o)
                              c:/st/stm32cubeide_1.6.1/stm32cubeide/plugins/com.st.stm32cube.ide.mcu.externaltools.gnu-tools-for-stm32.9-2020-q2-update.win32_2.0.0.202105311346/tools/bin/../lib/gcc/arm-none-eabi/9.3.1/../../../../arm-none-eabi/lib/thumb/v7e-m+fp/hard\libc_nano.a(lib_a-exit.o) (_global_impure_ptr)
c:/st/stm32cubeide_1.6.1/stm32cubeide/plugins/com.st.stm32cube.ide.mcu.externaltools.gnu-tools-for-stm32.9-2020-q2-update.win32_2.0.0.202105311346/tools/bin/../lib/gcc/arm-none-eabi/9.3.1/../../../../arm-none-eabi/lib/thumb/v7e-m+fp/hard\libc_nano.a(lib_a-init.o)
                              c:/st/stm32cubeide_1.6.1/stm32cubeide/plugins/com.st.stm32cube.ide.mcu.externaltools.gnu-tools-for-stm32.9-2020-q2-update.win32_2.0.0.202105311346/tools/bin/../lib/gcc/arm-none-eabi/9.3.1/../../../../arm-none-eabi/lib/thumb/v7e-m+fp/hard/crt0.o (__libc_init_array)
c:/st/stm32cubeide_1.6.1/stm32cubeide/plugins/com.st.stm32cube.ide.mcu.externaltools.gnu-tools-for-stm32.9-2020-q2-update.win32_2.0.0.202105311346/tools/bin/../lib/gcc/arm-none-eabi/9.3.1/../../../../arm-none-eabi/lib/thumb/v7e-m+fp/hard\libc_nano.a(lib_a-memset.o)
                              c:/st/stm32cubeide_1.6.1/stm32cubeide/plugins/com.st.stm32cube.ide.mcu.externaltools.gnu-tools-for-stm32.9-2020-q2-update.win32_2.0.0.202105311346/tools/bin/../lib/gcc/arm-none-eabi/9.3.1/../../../../arm-none-eabi/lib/thumb/v7e-m+fp/hard/crt0.o (memset)
c:/st/stm32cubeide_1.6.1/stm32cubeide/plugins/com.st.stm32cube.ide.mcu.externaltools.gnu-tools-for-stm32.9-2020-q2-update.win32_2.0.0.202105311346/tools/bin/../lib/gcc/arm-none-eabi/9.3.1/thumb/v7e-m+fp/hard\libgcc.a(_aeabi_uldivmod.o)
                              ./Drivers/STM32F4xx_HAL_Driver/Src/stm32f4xx_hal_rcc.o (__aeabi_uldivmod)
c:/st/stm32cubeide_1.6.1/stm32cubeide/plugins/com.st.stm32cube.ide.mcu.externaltools.gnu-tools-for-stm32.9-2020-q2-update.win32_2.0.0.202105311346/tools/bin/../lib/gcc/arm-none-eabi/9.3.1/thumb/v7e-m+fp/hard\libgcc.a(_udivmoddi4.o)
                              c:/st/stm32cubeide_1.6.1/stm32cubeide/plugins/com.st.stm32cube.ide.mcu.externaltools.gnu-tools-for-stm32.9-2020-q2-update.win32_2.0.0.202105311346/tools/bin/../lib/gcc/arm-none-eabi/9.3.1/thumb/v7e-m+fp/hard\libgcc.a(_aeabi_uldivmod.o) (__udivmoddi4)
c:/st/stm32cubeide_1.6.1/stm32cubeide/plugins/com.st.stm32cube.ide.mcu.externaltools.gnu-tools-for-stm32.9-2020-q2-update.win32_2.0.0.202105311346/tools/bin/../lib/gcc/arm-none-eabi/9.3.1/thumb/v7e-m+fp/hard\libgcc.a(_dvmd_tls.o)
                              c:/st/stm32cubeide_1.6.1/stm32cubeide/plugins/com.st.stm32cube.ide.mcu.externaltools.gnu-tools-for-stm32.9-2020-q2-update.win32_2.0.0.202105311346/tools/bin/../lib/gcc/arm-none-eabi/9.3.1/thumb/v7e-m+fp/hard\libgcc.a(_aeabi_uldivmod.o) (__aeabi_ldiv0)

Allocating common symbols
Common symbol       size              file

Can2RxHeader        0xe0              ./Core/Src/main.o
DebugBuf            0x400             ./Core/Src/main.o
Tx1Mailbox          0x4               ./Core/Src/main.o
hi2c1               0x54              ./Core/Src/main.o
hiwdg               0xc               ./Core/Src/main.o
CanTxHeader         0x18              ./Core/Src/main.o
uwTick              0x4               ./Drivers/STM32F4xx_HAL_Driver/Src/stm32f4xx_hal.o
pFlash              0x20              ./Drivers/STM32F4xx_HAL_Driver/Src/stm32f4xx_hal_flash.o
Can1RxHeader        0xe0              ./Core/Src/main.o
hcan2               0x28              ./Core/Src/main.o
hwwdg               0x14              ./Core/Src/main.o
hspi1               0x58              ./Core/Src/main.o
Tx2Mailbox          0x4               ./Core/Src/main.o
hcan1               0x28              ./Core/Src/main.o

Discarded input sections

[...]
Memory Configuration

Name             Origin             Length             Attributes
CCMRAM           0x0000000010000000 0x0000000000010000 xrw
RAM              0x0000000020000000 0x0000000000020000 xrw
FLASH            0x0000000008000000 0x0000000000100000 xr
*default*        0x0000000000000000 0xffffffffffffffff

Linker script and memory map

LOAD c:/st/stm32cubeide_1.6.1/stm32cubeide/plugins/com.st.stm32cube.ide.mcu.externaltools.gnu-tools-for-stm32.9-2020-q2-update.win32_2.0.0.202105311346/tools/bin/../lib/gcc/arm-none-eabi/9.3.1/thumb/v7e-m+fp/hard/crti.o
LOAD c:/st/stm32cubeide_1.6.1/stm32cubeide/plugins/com.st.stm32cube.ide.mcu.externaltools.gnu-tools-for-stm32.9-2020-q2-update.win32_2.0.0.202105311346/tools/bin/../lib/gcc/arm-none-eabi/9.3.1/thumb/v7e-m+fp/hard/crtbegin.o
LOAD c:/st/stm32cubeide_1.6.1/stm32cubeide/plugins/com.st.stm32cube.ide.mcu.externaltools.gnu-tools-for-stm32.9-2020-q2-update.win32_2.0.0.202105311346/tools/bin/../lib/gcc/arm-none-eabi/9.3.1/../../../../arm-none-eabi/lib/thumb/v7e-m+fp/hard/crt0.o
LOAD ./Core/Src/main.o
LOAD ./Core/Src/stm32f4xx_hal_msp.o
LOAD ./Core/Src/stm32f4xx_it.o
LOAD ./Core/Src/syscalls.o
LOAD ./Core/Src/sysmem.o
LOAD ./Core/Src/system_stm32f4xx.o
LOAD ./Core/Startup/startup_stm32f407vgtx.o
LOAD ./Drivers/STM32F4xx_HAL_Driver/Src/stm32f4xx_hal.o
LOAD ./Drivers/STM32F4xx_HAL_Driver/Src/stm32f4xx_hal_can.o
LOAD ./Drivers/STM32F4xx_HAL_Driver/Src/stm32f4xx_hal_cortex.o
LOAD ./Drivers/STM32F4xx_HAL_Driver/Src/stm32f4xx_hal_dma.o
LOAD ./Drivers/STM32F4xx_HAL_Driver/Src/stm32f4xx_hal_dma_ex.o
LOAD ./Drivers/STM32F4xx_HAL_Driver/Src/stm32f4xx_hal_exti.o
LOAD ./Drivers/STM32F4xx_HAL_Driver/Src/stm32f4xx_hal_flash.o
LOAD ./Drivers/STM32F4xx_HAL_Driver/Src/stm32f4xx_hal_flash_ex.o
LOAD ./Drivers/STM32F4xx_HAL_Driver/Src/stm32f4xx_hal_flash_ramfunc.o
LOAD ./Drivers/STM32F4xx_HAL_Driver/Src/stm32f4xx_hal_gpio.o
LOAD ./Drivers/STM32F4xx_HAL_Driver/Src/stm32f4xx_hal_i2c.o
LOAD ./Drivers/STM32F4xx_HAL_Driver/Src/stm32f4xx_hal_i2c_ex.o
LOAD ./Drivers/STM32F4xx_HAL_Driver/Src/stm32f4xx_hal_iwdg.o
LOAD ./Drivers/STM32F4xx_HAL_Driver/Src/stm32f4xx_hal_pwr.o
LOAD ./Drivers/STM32F4xx_HAL_Driver/Src/stm32f4xx_hal_pwr_ex.o
LOAD ./Drivers/STM32F4xx_HAL_Driver/Src/stm32f4xx_hal_rcc.o
LOAD ./Drivers/STM32F4xx_HAL_Driver/Src/stm32f4xx_hal_rcc_ex.o
LOAD ./Drivers/STM32F4xx_HAL_Driver/Src/stm32f4xx_hal_spi.o
LOAD ./Drivers/STM32F4xx_HAL_Driver/Src/stm32f4xx_hal_tim.o
LOAD ./Drivers/STM32F4xx_HAL_Driver/Src/stm32f4xx_hal_tim_ex.o
LOAD ./Drivers/STM32F4xx_HAL_Driver/Src/stm32f4xx_hal_wwdg.o
START GROUP
LOAD c:/st/stm32cubeide_1.6.1/stm32cubeide/plugins/com.st.stm32cube.ide.mcu.externaltools.gnu-tools-for-stm32.9-2020-q2-update.win32_2.0.0.202105311346/tools/bin/../lib/gcc/arm-none-eabi/9.3.1/../../../../arm-none-eabi/lib/thumb/v7e-m+fp/hard\libc_nano.a
LOAD c:/st/stm32cubeide_1.6.1/stm32cubeide/plugins/com.st.stm32cube.ide.mcu.externaltools.gnu-tools-for-stm32.9-2020-q2-update.win32_2.0.0.202105311346/tools/bin/../lib/gcc/arm-none-eabi/9.3.1/../../../../arm-none-eabi/lib/thumb/v7e-m+fp/hard\libm.a
END GROUP
START GROUP
LOAD c:/st/stm32cubeide_1.6.1/stm32cubeide/plugins/com.st.stm32cube.ide.mcu.externaltools.gnu-tools-for-stm32.9-2020-q2-update.win32_2.0.0.202105311346/tools/bin/../lib/gcc/arm-none-eabi/9.3.1/thumb/v7e-m+fp/hard\libgcc.a
LOAD c:/st/stm32cubeide_1.6.1/stm32cubeide/plugins/com.st.stm32cube.ide.mcu.externaltools.gnu-tools-for-stm32.9-2020-q2-update.win32_2.0.0.202105311346/tools/bin/../lib/gcc/arm-none-eabi/9.3.1/../../../../arm-none-eabi/lib/thumb/v7e-m+fp/hard\libc_nano.a
END GROUP
START GROUP
LOAD c:/st/stm32cubeide_1.6.1/stm32cubeide/plugins/com.st.stm32cube.ide.mcu.externaltools.gnu-tools-for-stm32.9-2020-q2-update.win32_2.0.0.202105311346/tools/bin/../lib/gcc/arm-none-eabi/9.3.1/thumb/v7e-m+fp/hard\libgcc.a
LOAD c:/st/stm32cubeide_1.6.1/stm32cubeide/plugins/com.st.stm32cube.ide.mcu.externaltools.gnu-tools-for-stm32.9-2020-q2-update.win32_2.0.0.202105311346/tools/bin/../lib/gcc/arm-none-eabi/9.3.1/../../../../arm-none-eabi/lib/thumb/v7e-m+fp/hard\libc_nano.a
LOAD c:/st/stm32cubeide_1.6.1/stm32cubeide/plugins/com.st.stm32cube.ide.mcu.externaltools.gnu-tools-for-stm32.9-2020-q2-update.win32_2.0.0.202105311346/tools/bin/../lib/gcc/arm-none-eabi/9.3.1/../../../../arm-none-eabi/lib/thumb/v7e-m+fp/hard\libnosys.a
END GROUP
START GROUP
LOAD c:/st/stm32cubeide_1.6.1/stm32cubeide/plugins/com.st.stm32cube.ide.mcu.externaltools.gnu-tools-for-stm32.9-2020-q2-update.win32_2.0.0.202105311346/tools/bin/../lib/gcc/arm-none-eabi/9.3.1/thumb/v7e-m+fp/hard\libgcc.a
LOAD c:/st/stm32cubeide_1.6.1/stm32cubeide/plugins/com.st.stm32cube.ide.mcu.externaltools.gnu-tools-for-stm32.9-2020-q2-update.win32_2.0.0.202105311346/tools/bin/../lib/gcc/arm-none-eabi/9.3.1/../../../../arm-none-eabi/lib/thumb/v7e-m+fp/hard\libc_nano.a
LOAD c:/st/stm32cubeide_1.6.1/stm32cubeide/plugins/com.st.stm32cube.ide.mcu.externaltools.gnu-tools-for-stm32.9-2020-q2-update.win32_2.0.0.202105311346/tools/bin/../lib/gcc/arm-none-eabi/9.3.1/../../../../arm-none-eabi/lib/thumb/v7e-m+fp/hard\libnosys.a
END GROUP
LOAD c:/st/stm32cubeide_1.6.1/stm32cubeide/plugins/com.st.stm32cube.ide.mcu.externaltools.gnu-tools-for-stm32.9-2020-q2-update.win32_2.0.0.202105311346/tools/bin/../lib/gcc/arm-none-eabi/9.3.1/thumb/v7e-m+fp/hard/crtend.o
LOAD c:/st/stm32cubeide_1.6.1/stm32cubeide/plugins/com.st.stm32cube.ide.mcu.externaltools.gnu-tools-for-stm32.9-2020-q2-update.win32_2.0.0.202105311346/tools/bin/../lib/gcc/arm-none-eabi/9.3.1/thumb/v7e-m+fp/hard/crtn.o
                0x0000000020020000                _estack = (ORIGIN (RAM) + LENGTH (RAM))
                0x0000000000002000                _Min_Heap_Size = 0x2000
                0x0000000000004000                _Min_Stack_Size = 0x4000

.isr_vector     0x0000000008000000      0x188
                0x0000000008000000                . = ALIGN (0x4)
 *(.isr_vector)
 .isr_vector    0x0000000008000000      0x188 ./Core/Startup/startup_stm32f407vgtx.o
                0x0000000008000000                g_pfnVectors
                0x0000000008000188                . = ALIGN (0x4)

.text           0x0000000008000188     0x37ec
                0x0000000008000188                . = ALIGN (0x4)
 *(.text)
 .text          0x0000000008000188       0x40 c:/st/stm32cubeide_1.6.1/stm32cubeide/plugins/com.st.stm32cube.ide.mcu.externaltools.gnu-tools-for-stm32.9-2020-q2-update.win32_2.0.0.202105311346/tools/bin/../lib/gcc/arm-none-eabi/9.3.1/thumb/v7e-m+fp/hard/crtbegin.o
 .text          0x00000000080001c8       0x30 c:/st/stm32cubeide_1.6.1/stm32cubeide/plugins/com.st.stm32cube.ide.mcu.externaltools.gnu-tools-for-stm32.9-2020-q2-update.win32_2.0.0.202105311346/tools/bin/../lib/gcc/arm-none-eabi/9.3.1/thumb/v7e-m+fp/hard\libgcc.a(_aeabi_uldivmod.o)
                0x00000000080001c8                __aeabi_uldivmod
 .text          0x00000000080001f8      0x2c4 c:/st/stm32cubeide_1.6.1/stm32cubeide/plugins/com.st.stm32cube.ide.mcu.externaltools.gnu-tools-for-stm32.9-2020-q2-update.win32_2.0.0.202105311346/tools/bin/../lib/gcc/arm-none-eabi/9.3.1/thumb/v7e-m+fp/hard\libgcc.a(_udivmoddi4.o)
                0x00000000080001f8                __udivmoddi4
 .text          0x00000000080004bc        0x4 c:/st/stm32cubeide_1.6.1/stm32cubeide/plugins/com.st.stm32cube.ide.mcu.externaltools.gnu-tools-for-stm32.9-2020-q2-update.win32_2.0.0.202105311346/tools/bin/../lib/gcc/arm-none-eabi/9.3.1/thumb/v7e-m+fp/hard\libgcc.a(_dvmd_tls.o)
                0x00000000080004bc                __aeabi_idiv0
                0x00000000080004bc                __aeabi_ldiv0
 *(.text*)
 .text.MX_CAN1_slientMode_Init
                0x00000000080004c0       0x70 ./Core/Src/main.o
 .text.HAL_CAN_RxFifo0MsgPendingCallback
                0x0000000008000530      0x140 ./Core/Src/main.o
                0x0000000008000530                HAL_CAN_RxFifo0MsgPendingCallback
 .text.HAL_CAN_TxMailbox0CompleteCallback
                0x0000000008000670       0x88 ./Core/Src/main.o
                0x0000000008000670                HAL_CAN_TxMailbox0CompleteCallback
 .text.HAL_CAN_TxMailbox1CompleteCallback
                0x00000000080006f8       0x88 ./Core/Src/main.o
                0x00000000080006f8                HAL_CAN_TxMailbox1CompleteCallback
 .text.HAL_CAN_TxMailbox2CompleteCallback
                0x0000000008000780       0x88 ./Core/Src/main.o
                0x0000000008000780                HAL_CAN_TxMailbox2CompleteCallback
 .text.main     0x0000000008000808      0x314 ./Core/Src/main.o
                0x0000000008000808                main
 .text.SystemClock_Config
                0x0000000008000b1c       0xd8 ./Core/Src/main.o
                0x0000000008000b1c                SystemClock_Config
 .text.MX_CAN1_Init
                0x0000000008000bf4       0x6c ./Core/Src/main.o
 .text.MX_CAN2_Init
                0x0000000008000c60       0x6c ./Core/Src/main.o
 .text.MX_I2C1_Init
                0x0000000008000ccc       0x5c ./Core/Src/main.o
 .text.MX_IWDG_Init
                0x0000000008000d28       0x34 ./Core/Src/main.o
 .text.MX_SPI1_Init
                0x0000000008000d5c       0x6c ./Core/Src/main.o
 .text.MX_GPIO_Init
                0x0000000008000dc8      0x1cc ./Core/Src/main.o
 .text.Error_Handler
                0x0000000008000f94        0xa ./Core/Src/main.o
                0x0000000008000f94                Error_Handler
 *fill*         0x0000000008000f9e        0x2 
 .text.HAL_MspInit
                0x0000000008000fa0       0x50 ./Core/Src/stm32f4xx_hal_msp.o
                0x0000000008000fa0                HAL_MspInit
 .text.HAL_CAN_MspInit
                0x0000000008000ff0      0x1c4 ./Core/Src/stm32f4xx_hal_msp.o
                0x0000000008000ff0                HAL_CAN_MspInit
 .text.HAL_CAN_MspDeInit
                0x00000000080011b4       0xcc ./Core/Src/stm32f4xx_hal_msp.o
                0x00000000080011b4                HAL_CAN_MspDeInit
 .text.HAL_I2C_MspInit
                0x0000000008001280       0x90 ./Core/Src/stm32f4xx_hal_msp.o
                0x0000000008001280                HAL_I2C_MspInit
 .text.HAL_SPI_MspInit
                0x0000000008001310       0x90 ./Core/Src/stm32f4xx_hal_msp.o
                0x0000000008001310                HAL_SPI_MspInit
 .text.NMI_Handler
                0x00000000080013a0        0x6 ./Core/Src/stm32f4xx_it.o
                0x00000000080013a0                NMI_Handler
 .text.HardFault_Handler
                0x00000000080013a6        0x6 ./Core/Src/stm32f4xx_it.o
                0x00000000080013a6                HardFault_Handler
 .text.MemManage_Handler
                0x00000000080013ac        0x6 ./Core/Src/stm32f4xx_it.o
                0x00000000080013ac                MemManage_Handler
 .text.BusFault_Handler
                0x00000000080013b2        0x6 ./Core/Src/stm32f4xx_it.o
                0x00000000080013b2                BusFault_Handler
 .text.UsageFault_Handler
                0x00000000080013b8        0x6 ./Core/Src/stm32f4xx_it.o
                0x00000000080013b8                UsageFault_Handler
 .text.SVC_Handler
                0x00000000080013be        0xe ./Core/Src/stm32f4xx_it.o
                0x00000000080013be                SVC_Handler
 .text.DebugMon_Handler
                0x00000000080013cc        0xe ./Core/Src/stm32f4xx_it.o
                0x00000000080013cc                DebugMon_Handler
 .text.PendSV_Handler
                0x00000000080013da        0xe ./Core/Src/stm32f4xx_it.o
                0x00000000080013da                PendSV_Handler
 .text.SysTick_Handler
                0x00000000080013e8        0xc ./Core/Src/stm32f4xx_it.o
                0x00000000080013e8                SysTick_Handler
 .text.WWDG_IRQHandler
                0x00000000080013f4       0x14 ./Core/Src/stm32f4xx_it.o
                0x00000000080013f4                WWDG_IRQHandler
 .text.CAN1_TX_IRQHandler
                0x0000000008001408       0x14 ./Core/Src/stm32f4xx_it.o
                0x0000000008001408                CAN1_TX_IRQHandler
 .text.CAN1_RX0_IRQHandler
                0x000000000800141c       0x14 ./Core/Src/stm32f4xx_it.o
                0x000000000800141c                CAN1_RX0_IRQHandler
 .text.CAN1_RX1_IRQHandler
                0x0000000008001430       0x14 ./Core/Src/stm32f4xx_it.o
                0x0000000008001430                CAN1_RX1_IRQHandler
 .text.CAN1_SCE_IRQHandler
                0x0000000008001444       0x14 ./Core/Src/stm32f4xx_it.o
                0x0000000008001444                CAN1_SCE_IRQHandler
 .text.CAN2_TX_IRQHandler
                0x0000000008001458       0x14 ./Core/Src/stm32f4xx_it.o
                0x0000000008001458                CAN2_TX_IRQHandler
 .text.CAN2_RX0_IRQHandler
                0x000000000800146c       0x14 ./Core/Src/stm32f4xx_it.o
                0x000000000800146c                CAN2_RX0_IRQHandler
 .text.CAN2_RX1_IRQHandler
                0x0000000008001480       0x14 ./Core/Src/stm32f4xx_it.o
                0x0000000008001480                CAN2_RX1_IRQHandler
 .text.CAN2_SCE_IRQHandler
                0x0000000008001494       0x14 ./Core/Src/stm32f4xx_it.o
                0x0000000008001494                CAN2_SCE_IRQHandler
 .text.SystemInit
                0x00000000080014a8       0x24 ./Core/Src/system_stm32f4xx.o
                0x00000000080014a8                SystemInit
 .text.Reset_Handler
                0x00000000080014cc       0x50 ./Core/Startup/startup_stm32f407vgtx.o
                0x00000000080014cc                Reset_Handler
 .text.Default_Handler
                0x000000000800151c        0x2 ./Core/Startup/startup_stm32f407vgtx.o
                0x000000000800151c                RTC_Alarm_IRQHandler
                0x000000000800151c                HASH_RNG_IRQHandler
                0x000000000800151c                EXTI2_IRQHandler
                0x000000000800151c                TIM8_CC_IRQHandler
                0x000000000800151c                TIM1_CC_IRQHandler
                0x000000000800151c                DMA2_Stream5_IRQHandler
                0x000000000800151c                DMA1_Stream5_IRQHandler
                0x000000000800151c                PVD_IRQHandler
                0x000000000800151c                SDIO_IRQHandler
                0x000000000800151c                TAMP_STAMP_IRQHandler
                0x000000000800151c                EXTI3_IRQHandler
                0x000000000800151c                TIM8_TRG_COM_TIM14_IRQHandler
                0x000000000800151c                TIM1_UP_TIM10_IRQHandler
                0x000000000800151c                TIM8_UP_TIM13_IRQHandler
                0x000000000800151c                I2C3_ER_IRQHandler
                0x000000000800151c                EXTI0_IRQHandler
                0x000000000800151c                I2C2_EV_IRQHandler
                0x000000000800151c                DMA1_Stream2_IRQHandler
                0x000000000800151c                FPU_IRQHandler
                0x000000000800151c                OTG_HS_WKUP_IRQHandler
                0x000000000800151c                DMA2_Stream2_IRQHandler
                0x000000000800151c                SPI1_IRQHandler
                0x000000000800151c                TIM6_DAC_IRQHandler
                0x000000000800151c                TIM1_BRK_TIM9_IRQHandler
                0x000000000800151c                DCMI_IRQHandler
                0x000000000800151c                DMA2_Stream3_IRQHandler
                0x000000000800151c                USART6_IRQHandler
                0x000000000800151c                USART3_IRQHandler
                0x000000000800151c                UART5_IRQHandler
                0x000000000800151c                DMA2_Stream0_IRQHandler
                0x000000000800151c                TIM4_IRQHandler
                0x000000000800151c                I2C1_EV_IRQHandler
                0x000000000800151c                DMA1_Stream6_IRQHandler
                0x000000000800151c                DMA1_Stream1_IRQHandler
                0x000000000800151c                UART4_IRQHandler
                0x000000000800151c                TIM3_IRQHandler
                0x000000000800151c                RCC_IRQHandler
                0x000000000800151c                TIM8_BRK_TIM12_IRQHandler
                0x000000000800151c                Default_Handler
                0x000000000800151c                EXTI15_10_IRQHandler
                0x000000000800151c                ADC_IRQHandler
                0x000000000800151c                DMA1_Stream7_IRQHandler
                0x000000000800151c                TIM7_IRQHandler
                0x000000000800151c                TIM5_IRQHandler
                0x000000000800151c                DMA2_Stream7_IRQHandler
                0x000000000800151c                I2C3_EV_IRQHandler
                0x000000000800151c                EXTI9_5_IRQHandler
                0x000000000800151c                RTC_WKUP_IRQHandler
                0x000000000800151c                ETH_WKUP_IRQHandler
                0x000000000800151c                SPI2_IRQHandler
                0x000000000800151c                OTG_HS_EP1_IN_IRQHandler
                0x000000000800151c                DMA1_Stream0_IRQHandler
                0x000000000800151c                EXTI4_IRQHandler
                0x000000000800151c                FSMC_IRQHandler
                0x000000000800151c                ETH_IRQHandler
                0x000000000800151c                OTG_HS_EP1_OUT_IRQHandler
                0x000000000800151c                TIM2_IRQHandler
                0x000000000800151c                OTG_FS_WKUP_IRQHandler
                0x000000000800151c                TIM1_TRG_COM_TIM11_IRQHandler
                0x000000000800151c                OTG_HS_IRQHandler
                0x000000000800151c                EXTI1_IRQHandler
                0x000000000800151c                USART2_IRQHandler
                0x000000000800151c                I2C2_ER_IRQHandler
                0x000000000800151c                DMA2_Stream1_IRQHandler
                0x000000000800151c                FLASH_IRQHandler
                0x000000000800151c                DMA2_Stream4_IRQHandler
                0x000000000800151c                USART1_IRQHandler
                0x000000000800151c                OTG_FS_IRQHandler
                0x000000000800151c                SPI3_IRQHandler
                0x000000000800151c                DMA1_Stream4_IRQHandler
                0x000000000800151c                I2C1_ER_IRQHandler
                0x000000000800151c                DMA2_Stream6_IRQHandler
                0x000000000800151c                DMA1_Stream3_IRQHandler
 *fill*         0x000000000800151e        0x2 
 .text.HAL_Init
                0x0000000008001520       0x44 ./Drivers/STM32F4xx_HAL_Driver/Src/stm32f4xx_hal.o
                0x0000000008001520                HAL_Init
 .text.HAL_InitTick
                0x0000000008001564       0x60 ./Drivers/STM32F4xx_HAL_Driver/Src/stm32f4xx_hal.o
                0x0000000008001564                HAL_InitTick
 .text.HAL_IncTick
                0x00000000080015c4       0x28 ./Drivers/STM32F4xx_HAL_Driver/Src/stm32f4xx_hal.o
                0x00000000080015c4                HAL_IncTick
 .text.HAL_GetTick
                0x00000000080015ec       0x18 ./Drivers/STM32F4xx_HAL_Driver/Src/stm32f4xx_hal.o
                0x00000000080015ec                HAL_GetTick
 .text.HAL_CAN_Init
                0x0000000008001604      0x1f6 ./Drivers/STM32F4xx_HAL_Driver/Src/stm32f4xx_hal_can.o
                0x0000000008001604                HAL_CAN_Init
 .text.HAL_CAN_DeInit
                0x00000000080017fa       0x46 ./Drivers/STM32F4xx_HAL_Driver/Src/stm32f4xx_hal_can.o
                0x00000000080017fa                HAL_CAN_DeInit
 .text.HAL_CAN_ConfigFilter
                0x0000000008001840      0x1c0 ./Drivers/STM32F4xx_HAL_Driver/Src/stm32f4xx_hal_can.o
                0x0000000008001840                HAL_CAN_ConfigFilter
 .text.HAL_CAN_Start
                0x0000000008001a00       0x88 ./Drivers/STM32F4xx_HAL_Driver/Src/stm32f4xx_hal_can.o
                0x0000000008001a00                HAL_CAN_Start
 .text.HAL_CAN_Stop
                0x0000000008001a88       0x92 ./Drivers/STM32F4xx_HAL_Driver/Src/stm32f4xx_hal_can.o
                0x0000000008001a88                HAL_CAN_Stop
 .text.HAL_CAN_AddTxMessage
                0x0000000008001b1a      0x1b6 ./Drivers/STM32F4xx_HAL_Driver/Src/stm32f4xx_hal_can.o
                0x0000000008001b1a                HAL_CAN_AddTxMessage
 .text.HAL_CAN_GetRxMessage
                0x0000000008001cd0      0x224 ./Drivers/STM32F4xx_HAL_Driver/Src/stm32f4xx_hal_can.o
                0x0000000008001cd0                HAL_CAN_GetRxMessage
 .text.HAL_CAN_ActivateNotification
                0x0000000008001ef4       0x4c ./Drivers/STM32F4xx_HAL_Driver/Src/stm32f4xx_hal_can.o
                0x0000000008001ef4                HAL_CAN_ActivateNotification
 .text.HAL_CAN_IRQHandler
                0x0000000008001f40      0x36e ./Drivers/STM32F4xx_HAL_Driver/Src/stm32f4xx_hal_can.o
                0x0000000008001f40                HAL_CAN_IRQHandler
 .text.HAL_CAN_TxMailbox0AbortCallback
                0x00000000080022ae       0x14 ./Drivers/STM32F4xx_HAL_Driver/Src/stm32f4xx_hal_can.o
                0x00000000080022ae                HAL_CAN_TxMailbox0AbortCallback
 .text.HAL_CAN_TxMailbox1AbortCallback
                0x00000000080022c2       0x14 ./Drivers/STM32F4xx_HAL_Driver/Src/stm32f4xx_hal_can.o
                0x00000000080022c2                HAL_CAN_TxMailbox1AbortCallback
 .text.HAL_CAN_TxMailbox2AbortCallback
                0x00000000080022d6       0x14 ./Drivers/STM32F4xx_HAL_Driver/Src/stm32f4xx_hal_can.o
                0x00000000080022d6                HAL_CAN_TxMailbox2AbortCallback
 .text.HAL_CAN_RxFifo0FullCallback
                0x00000000080022ea       0x14 ./Drivers/STM32F4xx_HAL_Driver/Src/stm32f4xx_hal_can.o
                0x00000000080022ea                HAL_CAN_RxFifo0FullCallback
 .text.HAL_CAN_RxFifo1MsgPendingCallback
                0x00000000080022fe       0x14 ./Drivers/STM32F4xx_HAL_Driver/Src/stm32f4xx_hal_can.o
                0x00000000080022fe                HAL_CAN_RxFifo1MsgPendingCallback
 .text.HAL_CAN_RxFifo1FullCallback
                0x0000000008002312       0x14 ./Drivers/STM32F4xx_HAL_Driver/Src/stm32f4xx_hal_can.o
                0x0000000008002312                HAL_CAN_RxFifo1FullCallback
 .text.HAL_CAN_SleepCallback
                0x0000000008002326       0x14 ./Drivers/STM32F4xx_HAL_Driver/Src/stm32f4xx_hal_can.o
                0x0000000008002326                HAL_CAN_SleepCallback
 .text.HAL_CAN_WakeUpFromRxMsgCallback
                0x000000000800233a       0x14 ./Drivers/STM32F4xx_HAL_Driver/Src/stm32f4xx_hal_can.o
                0x000000000800233a                HAL_CAN_WakeUpFromRxMsgCallback
 .text.HAL_CAN_ErrorCallback
                0x000000000800234e       0x14 ./Drivers/STM32F4xx_HAL_Driver/Src/stm32f4xx_hal_can.o
                0x000000000800234e                HAL_CAN_ErrorCallback
 *fill*         0x0000000008002362        0x2 
 .text.__NVIC_SetPriorityGrouping
                0x0000000008002364       0x48 ./Drivers/STM32F4xx_HAL_Driver/Src/stm32f4xx_hal_cortex.o
 .text.__NVIC_GetPriorityGrouping
                0x00000000080023ac       0x1c ./Drivers/STM32F4xx_HAL_Driver/Src/stm32f4xx_hal_cortex.o
 .text.__NVIC_EnableIRQ
                0x00000000080023c8       0x3c ./Drivers/STM32F4xx_HAL_Driver/Src/stm32f4xx_hal_cortex.o
 .text.__NVIC_DisableIRQ
                0x0000000008002404       0x48 ./Drivers/STM32F4xx_HAL_Driver/Src/stm32f4xx_hal_cortex.o
 .text.__NVIC_SetPriority
                0x000000000800244c       0x54 ./Drivers/STM32F4xx_HAL_Driver/Src/stm32f4xx_hal_cortex.o
 .text.NVIC_EncodePriority
                0x00000000080024a0       0x66 ./Drivers/STM32F4xx_HAL_Driver/Src/stm32f4xx_hal_cortex.o
 *fill*         0x0000000008002506        0x2 
 .text.SysTick_Config
                0x0000000008002508       0x44 ./Drivers/STM32F4xx_HAL_Driver/Src/stm32f4xx_hal_cortex.o
 .text.HAL_NVIC_SetPriorityGrouping
                0x000000000800254c       0x16 ./Drivers/STM32F4xx_HAL_Driver/Src/stm32f4xx_hal_cortex.o
                0x000000000800254c                HAL_NVIC_SetPriorityGrouping
 .text.HAL_NVIC_SetPriority
                0x0000000008002562       0x38 ./Drivers/STM32F4xx_HAL_Driver/Src/stm32f4xx_hal_cortex.o
                0x0000000008002562                HAL_NVIC_SetPriority
 .text.HAL_NVIC_EnableIRQ
                0x000000000800259a       0x1c ./Drivers/STM32F4xx_HAL_Driver/Src/stm32f4xx_hal_cortex.o
                0x000000000800259a                HAL_NVIC_EnableIRQ
 .text.HAL_NVIC_DisableIRQ
                0x00000000080025b6       0x1c ./Drivers/STM32F4xx_HAL_Driver/Src/stm32f4xx_hal_cortex.o
                0x00000000080025b6                HAL_NVIC_DisableIRQ
 .text.HAL_SYSTICK_Config
                0x00000000080025d2       0x18 ./Drivers/STM32F4xx_HAL_Driver/Src/stm32f4xx_hal_cortex.o
                0x00000000080025d2                HAL_SYSTICK_Config
 *fill*         0x00000000080025ea        0x2 
 .text.HAL_GPIO_Init
                0x00000000080025ec      0x338 ./Drivers/STM32F4xx_HAL_Driver/Src/stm32f4xx_hal_gpio.o
                0x00000000080025ec                HAL_GPIO_Init
 .text.HAL_GPIO_DeInit
                0x0000000008002924      0x1f8 ./Drivers/STM32F4xx_HAL_Driver/Src/stm32f4xx_hal_gpio.o
                0x0000000008002924                HAL_GPIO_DeInit
 .text.HAL_GPIO_ReadPin
                0x0000000008002b1c       0x30 ./Drivers/STM32F4xx_HAL_Driver/Src/stm32f4xx_hal_gpio.o
                0x0000000008002b1c                HAL_GPIO_ReadPin
 .text.HAL_GPIO_WritePin
                0x0000000008002b4c       0x32 ./Drivers/STM32F4xx_HAL_Driver/Src/stm32f4xx_hal_gpio.o
                0x0000000008002b4c                HAL_GPIO_WritePin
 .text.HAL_GPIO_TogglePin
                0x0000000008002b7e       0x34 ./Drivers/STM32F4xx_HAL_Driver/Src/stm32f4xx_hal_gpio.o
                0x0000000008002b7e                HAL_GPIO_TogglePin
 *fill*         0x0000000008002bb2        0x2 
 .text.HAL_I2C_Init
                0x0000000008002bb4      0x288 ./Drivers/STM32F4xx_HAL_Driver/Src/stm32f4xx_hal_i2c.o
                0x0000000008002bb4                HAL_I2C_Init
 .text.HAL_IWDG_Init
                0x0000000008002e3c       0x84 ./Drivers/STM32F4xx_HAL_Driver/Src/stm32f4xx_hal_iwdg.o
                0x0000000008002e3c                HAL_IWDG_Init
 .text.HAL_IWDG_Refresh
                0x0000000008002ec0       0x20 ./Drivers/STM32F4xx_HAL_Driver/Src/stm32f4xx_hal_iwdg.o
                0x0000000008002ec0                HAL_IWDG_Refresh
 .text.HAL_RCC_OscConfig
                0x0000000008002ee0      0x4f0 ./Drivers/STM32F4xx_HAL_Driver/Src/stm32f4xx_hal_rcc.o
                0x0000000008002ee0                HAL_RCC_OscConfig
 .text.HAL_RCC_ClockConfig
                0x00000000080033d0      0x1cc ./Drivers/STM32F4xx_HAL_Driver/Src/stm32f4xx_hal_rcc.o
                0x00000000080033d0                HAL_RCC_ClockConfig
 .text.HAL_RCC_GetSysClockFreq
                0x000000000800359c      0x1c4 ./Drivers/STM32F4xx_HAL_Driver/Src/stm32f4xx_hal_rcc.o
                0x000000000800359c                HAL_RCC_GetSysClockFreq
 .text.HAL_RCC_GetHCLKFreq
                0x0000000008003760       0x18 ./Drivers/STM32F4xx_HAL_Driver/Src/stm32f4xx_hal_rcc.o
                0x0000000008003760                HAL_RCC_GetHCLKFreq
 .text.HAL_RCC_GetPCLK1Freq
                0x0000000008003778       0x28 ./Drivers/STM32F4xx_HAL_Driver/Src/stm32f4xx_hal_rcc.o
                0x0000000008003778                HAL_RCC_GetPCLK1Freq
 .text.HAL_SPI_Init
                0x00000000080037a0      0x112 ./Drivers/STM32F4xx_HAL_Driver/Src/stm32f4xx_hal_spi.o
                0x00000000080037a0                HAL_SPI_Init
 .text.HAL_WWDG_IRQHandler
                0x00000000080038b2       0x3e ./Drivers/STM32F4xx_HAL_Driver/Src/stm32f4xx_hal_wwdg.o
                0x00000000080038b2                HAL_WWDG_IRQHandler
 .text.HAL_WWDG_EarlyWakeupCallback
                0x00000000080038f0       0x14 ./Drivers/STM32F4xx_HAL_Driver/Src/stm32f4xx_hal_wwdg.o
                0x00000000080038f0                HAL_WWDG_EarlyWakeupCallback
 .text.__libc_init_array
                0x0000000008003904       0x48 c:/st/stm32cubeide_1.6.1/stm32cubeide/plugins/com.st.stm32cube.ide.mcu.externaltools.gnu-tools-for-stm32.9-2020-q2-update.win32_2.0.0.202105311346/tools/bin/../lib/gcc/arm-none-eabi/9.3.1/../../../../arm-none-eabi/lib/thumb/v7e-m+fp/hard\libc_nano.a(lib_a-init.o)
                0x0000000008003904                __libc_init_array
 .text.memset   0x000000000800394c       0x10 c:/st/stm32cubeide_1.6.1/stm32cubeide/plugins/com.st.stm32cube.ide.mcu.externaltools.gnu-tools-for-stm32.9-2020-q2-update.win32_2.0.0.202105311346/tools/bin/../lib/gcc/arm-none-eabi/9.3.1/../../../../arm-none-eabi/lib/thumb/v7e-m+fp/hard\libc_nano.a(lib_a-memset.o)
                0x000000000800394c                memset
 *(.glue_7)
 .glue_7        0x000000000800395c        0x0 linker stubs
 *(.glue_7t)
 .glue_7t       0x000000000800395c        0x0 linker stubs
 *(.eh_frame)
 .eh_frame      0x000000000800395c        0x0 c:/st/stm32cubeide_1.6.1/stm32cubeide/plugins/com.st.stm32cube.ide.mcu.externaltools.gnu-tools-for-stm32.9-2020-q2-update.win32_2.0.0.202105311346/tools/bin/../lib/gcc/arm-none-eabi/9.3.1/thumb/v7e-m+fp/hard/crtbegin.o
 *(.init)
 .init          0x000000000800395c        0x4 c:/st/stm32cubeide_1.6.1/stm32cubeide/plugins/com.st.stm32cube.ide.mcu.externaltools.gnu-tools-for-stm32.9-2020-q2-update.win32_2.0.0.202105311346/tools/bin/../lib/gcc/arm-none-eabi/9.3.1/thumb/v7e-m+fp/hard/crti.o
                0x000000000800395c                _init
 .init          0x0000000008003960        0x8 c:/st/stm32cubeide_1.6.1/stm32cubeide/plugins/com.st.stm32cube.ide.mcu.externaltools.gnu-tools-for-stm32.9-2020-q2-update.win32_2.0.0.202105311346/tools/bin/../lib/gcc/arm-none-eabi/9.3.1/thumb/v7e-m+fp/hard/crtn.o
 *(.fini)
 .fini          0x0000000008003968        0x4 c:/st/stm32cubeide_1.6.1/stm32cubeide/plugins/com.st.stm32cube.ide.mcu.externaltools.gnu-tools-for-stm32.9-2020-q2-update.win32_2.0.0.202105311346/tools/bin/../lib/gcc/arm-none-eabi/9.3.1/thumb/v7e-m+fp/hard/crti.o
                0x0000000008003968                _fini
 .fini          0x000000000800396c        0x8 c:/st/stm32cubeide_1.6.1/stm32cubeide/plugins/com.st.stm32cube.ide.mcu.externaltools.gnu-tools-for-stm32.9-2020-q2-update.win32_2.0.0.202105311346/tools/bin/../lib/gcc/arm-none-eabi/9.3.1/thumb/v7e-m+fp/hard/crtn.o
                0x0000000008003974                . = ALIGN (0x4)
                0x0000000008003974                _etext = .

.vfp11_veneer   0x0000000008003974        0x0
 .vfp11_veneer  0x0000000008003974        0x0 linker stubs

.v4_bx          0x0000000008003974        0x0
 .v4_bx         0x0000000008003974        0x0 linker stubs

.iplt           0x0000000008003974        0x0
 .iplt          0x0000000008003974        0x0 c:/st/stm32cubeide_1.6.1/stm32cubeide/plugins/com.st.stm32cube.ide.mcu.externaltools.gnu-tools-for-stm32.9-2020-q2-update.win32_2.0.0.202105311346/tools/bin/../lib/gcc/arm-none-eabi/9.3.1/thumb/v7e-m+fp/hard/crtbegin.o

.rodata         0x0000000008003974       0x18
                0x0000000008003974                . = ALIGN (0x4)
 *(.rodata)
 *(.rodata*)
 .rodata.AHBPrescTable
                0x0000000008003974       0x10 ./Core/Src/system_stm32f4xx.o
                0x0000000008003974                AHBPrescTable
 .rodata.APBPrescTable
                0x0000000008003984        0x8 ./Core/Src/system_stm32f4xx.o
                0x0000000008003984                APBPrescTable
                0x000000000800398c                . = ALIGN (0x4)

.ARM.extab      0x000000000800398c        0x0
                0x000000000800398c                . = ALIGN (0x4)
 *(.ARM.extab* .gnu.linkonce.armextab.*)
                0x000000000800398c                . = ALIGN (0x4)

.ARM            0x000000000800398c        0x8
                0x000000000800398c                . = ALIGN (0x4)
                0x000000000800398c                __exidx_start = .
 *(.ARM.exidx*)
 .ARM.exidx     0x000000000800398c        0x8 c:/st/stm32cubeide_1.6.1/stm32cubeide/plugins/com.st.stm32cube.ide.mcu.externaltools.gnu-tools-for-stm32.9-2020-q2-update.win32_2.0.0.202105311346/tools/bin/../lib/gcc/arm-none-eabi/9.3.1/thumb/v7e-m+fp/hard\libgcc.a(_udivmoddi4.o)
                0x0000000008003994                __exidx_end = .
                0x0000000008003994                . = ALIGN (0x4)

.rel.dyn        0x0000000008003994        0x0
 .rel.iplt      0x0000000008003994        0x0 c:/st/stm32cubeide_1.6.1/stm32cubeide/plugins/com.st.stm32cube.ide.mcu.externaltools.gnu-tools-for-stm32.9-2020-q2-update.win32_2.0.0.202105311346/tools/bin/../lib/gcc/arm-none-eabi/9.3.1/thumb/v7e-m+fp/hard/crtbegin.o

.preinit_array  0x0000000008003994        0x0
                0x0000000008003994                . = ALIGN (0x4)
                0x0000000008003994                PROVIDE (__preinit_array_start = .)
 *(.preinit_array*)
                0x0000000008003994                PROVIDE (__preinit_array_end = .)
                0x0000000008003994                . = ALIGN (0x4)

.init_array     0x0000000008003994        0x4
                0x0000000008003994                . = ALIGN (0x4)
                0x0000000008003994                PROVIDE (__init_array_start = .)
 *(SORT_BY_NAME(.init_array.*))
 *(.init_array*)
 .init_array    0x0000000008003994        0x4 c:/st/stm32cubeide_1.6.1/stm32cubeide/plugins/com.st.stm32cube.ide.mcu.externaltools.gnu-tools-for-stm32.9-2020-q2-update.win32_2.0.0.202105311346/tools/bin/../lib/gcc/arm-none-eabi/9.3.1/thumb/v7e-m+fp/hard/crtbegin.o
                0x0000000008003998                PROVIDE (__init_array_end = .)
                0x0000000008003998                . = ALIGN (0x4)

.fini_array     0x0000000008003998        0x4
                0x0000000008003998                . = ALIGN (0x4)
                [!provide]                        PROVIDE (__fini_array_start = .)
 *(SORT_BY_NAME(.fini_array.*))
 *(.fini_array*)
 .fini_array    0x0000000008003998        0x4 c:/st/stm32cubeide_1.6.1/stm32cubeide/plugins/com.st.stm32cube.ide.mcu.externaltools.gnu-tools-for-stm32.9-2020-q2-update.win32_2.0.0.202105311346/tools/bin/../lib/gcc/arm-none-eabi/9.3.1/thumb/v7e-m+fp/hard/crtbegin.o
                [!provide]                        PROVIDE (__fini_array_end = .)
                0x000000000800399c                . = ALIGN (0x4)
                0x000000000800399c                _sidata = LOADADDR (.data)

.data           0x0000000020000000       0x10 load address 0x000000000800399c
                0x0000000020000000                . = ALIGN (0x4)
                0x0000000020000000                _sdata = .
 *(.data)
 *(.data*)
 .data.Can1_tx_done
                0x0000000020000000        0x1 ./Core/Src/main.o
                0x0000000020000000                Can1_tx_done
 .data.Can2_tx_done
                0x0000000020000001        0x1 ./Core/Src/main.o
                0x0000000020000001                Can2_tx_done
 *fill*         0x0000000020000002        0x2 
 .data.SystemCoreClock
                0x0000000020000004        0x4 ./Core/Src/system_stm32f4xx.o
                0x0000000020000004                SystemCoreClock
 .data.uwTickPrio
                0x0000000020000008        0x4 ./Drivers/STM32F4xx_HAL_Driver/Src/stm32f4xx_hal.o
                0x0000000020000008                uwTickPrio
 .data.uwTickFreq
                0x000000002000000c        0x1 ./Drivers/STM32F4xx_HAL_Driver/Src/stm32f4xx_hal.o
                0x000000002000000c                uwTickFreq
 *(.RamFunc)
 *(.RamFunc*)
                0x0000000020000010                . = ALIGN (0x4)
 *fill*         0x000000002000000d        0x3 
                0x0000000020000010                _edata = .

.igot.plt       0x0000000020000010        0x0 load address 0x00000000080039ac
 .igot.plt      0x0000000020000010        0x0 c:/st/stm32cubeide_1.6.1/stm32cubeide/plugins/com.st.stm32cube.ide.mcu.externaltools.gnu-tools-for-stm32.9-2020-q2-update.win32_2.0.0.202105311346/tools/bin/../lib/gcc/arm-none-eabi/9.3.1/thumb/v7e-m+fp/hard/crtbegin.o
                0x0000000020000010                . = ALIGN (0x4)

.bss            0x0000000020000010      0x7dc load address 0x00000000080039ac
                0x0000000020000010                _sbss = .
                0x0000000020000010                __bss_start__ = _sbss
 *(.bss)
 .bss           0x0000000020000010       0x1c c:/st/stm32cubeide_1.6.1/stm32cubeide/plugins/com.st.stm32cube.ide.mcu.externaltools.gnu-tools-for-stm32.9-2020-q2-update.win32_2.0.0.202105311346/tools/bin/../lib/gcc/arm-none-eabi/9.3.1/thumb/v7e-m+fp/hard/crtbegin.o
 *(.bss*)
 .bss.CanTxData
                0x000000002000002c        0x8 ./Core/Src/main.o
                0x000000002000002c                CanTxData
 .bss.Can1RxData
                0x0000000020000034       0x40 ./Core/Src/main.o
                0x0000000020000034                Can1RxData
 .bss.Can2RxData
                0x0000000020000074       0x40 ./Core/Src/main.o
                0x0000000020000074                Can2RxData
 .bss.rc1       0x00000000200000b4        0x1 ./Core/Src/main.o
                0x00000000200000b4                rc1
 .bss.rc2       0x00000000200000b5        0x1 ./Core/Src/main.o
                0x00000000200000b5                rc2
 .bss.ri1       0x00000000200000b6        0x1 ./Core/Src/main.o
                0x00000000200000b6                ri1
 .bss.ri2       0x00000000200000b7        0x1 ./Core/Src/main.o
                0x00000000200000b7                ri2
 .bss.ro1       0x00000000200000b8        0x1 ./Core/Src/main.o
                0x00000000200000b8                ro1
 .bss.ro2       0x00000000200000b9        0x1 ./Core/Src/main.o
                0x00000000200000b9                ro2
 *fill*         0x00000000200000ba        0x2 
 .bss.RxCan1_cnt
                0x00000000200000bc        0x4 ./Core/Src/main.o
                0x00000000200000bc                RxCan1_cnt
 .bss.RxCan2_cnt
                0x00000000200000c0        0x4 ./Core/Src/main.o
                0x00000000200000c0                RxCan2_cnt
 .bss.TxCan1_cnt
                0x00000000200000c4        0x4 ./Core/Src/main.o
                0x00000000200000c4                TxCan1_cnt
 .bss.TxCan2_cnt
                0x00000000200000c8        0x4 ./Core/Src/main.o
                0x00000000200000c8                TxCan2_cnt
 .bss.CNT_interrup
                0x00000000200000cc       0x18 ./Core/Src/main.o
                0x00000000200000cc                CNT_interrup
 .bss.CAN1Mode  0x00000000200000e4        0x4 ./Core/Src/main.o
                0x00000000200000e4                CAN1Mode
 .bss.HAL_RCC_CAN1_CLK_ENABLED
                0x00000000200000e8        0x4 ./Core/Src/stm32f4xx_hal_msp.o
 *(COMMON)
 COMMON         0x00000000200000ec      0x6fc ./Core/Src/main.o
                0x00000000200000ec                Can2RxHeader
                0x00000000200001cc                DebugBuf
                0x00000000200005cc                Tx1Mailbox
                0x00000000200005d0                hi2c1
                0x0000000020000624                hiwdg
                0x0000000020000630                CanTxHeader
                0x0000000020000648                Can1RxHeader
                0x0000000020000728                hcan2
                0x0000000020000750                hwwdg
                0x0000000020000764                hspi1
                0x00000000200007bc                Tx2Mailbox
                0x00000000200007c0                hcan1
 COMMON         0x00000000200007e8        0x4 ./Drivers/STM32F4xx_HAL_Driver/Src/stm32f4xx_hal.o
                0x00000000200007e8                uwTick
                0x00000000200007ec                . = ALIGN (0x4)
                0x00000000200007ec                _ebss = .
                0x00000000200007ec                __bss_end__ = _ebss

._user_heap_stack
                0x00000000200007ec     0x6004 load address 0x00000000080039ac
                0x00000000200007f0                . = ALIGN (0x8)
 *fill*         0x00000000200007ec        0x4 
                [!provide]                        PROVIDE (end = .)
                0x00000000200007f0                PROVIDE (_end = .)
                0x00000000200027f0                . = (. + _Min_Heap_Size)
 *fill*         0x00000000200007f0     0x2000 
                0x00000000200067f0                . = (. + _Min_Stack_Size)
 *fill*         0x00000000200027f0     0x4000 
                0x00000000200067f0                . = ALIGN (0x8)

/DISCARD/
 libc.a(*)
 libm.a(*)
 libgcc.a(*)

.ARM.attributes
                0x0000000000000000       0x30
 *(.ARM.attributes)
 .ARM.attributes
                0x0000000000000000       0x1e c:/st/stm32cubeide_1.6.1/stm32cubeide/plugins/com.st.stm32cube.ide.mcu.externaltools.gnu-tools-for-stm32.9-2020-q2-update.win32_2.0.0.202105311346/tools/bin/../lib/gcc/arm-none-eabi/9.3.1/thumb/v7e-m+fp/hard/crti.o
 .ARM.attributes
                0x000000000000001e       0x34 c:/st/stm32cubeide_1.6.1/stm32cubeide/plugins/com.st.stm32cube.ide.mcu.externaltools.gnu-tools-for-stm32.9-2020-q2-update.win32_2.0.0.202105311346/tools/bin/../lib/gcc/arm-none-eabi/9.3.1/thumb/v7e-m+fp/hard/crtbegin.o
 .ARM.attributes
                0x0000000000000052       0x34 ./Core/Src/main.o
 .ARM.attributes
                0x0000000000000086       0x34 ./Core/Src/stm32f4xx_hal_msp.o
 .ARM.attributes
                0x00000000000000ba       0x34 ./Core/Src/stm32f4xx_it.o
 .ARM.attributes
                0x00000000000000ee       0x34 ./Core/Src/system_stm32f4xx.o
 .ARM.attributes
                0x0000000000000122       0x21 ./Core/Startup/startup_stm32f407vgtx.o
 .ARM.attributes
                0x0000000000000143       0x34 ./Drivers/STM32F4xx_HAL_Driver/Src/stm32f4xx_hal.o
 .ARM.attributes
                0x0000000000000177       0x34 ./Drivers/STM32F4xx_HAL_Driver/Src/stm32f4xx_hal_can.o
 .ARM.attributes
                0x00000000000001ab       0x34 ./Drivers/STM32F4xx_HAL_Driver/Src/stm32f4xx_hal_cortex.o
 .ARM.attributes
                0x00000000000001df       0x34 ./Drivers/STM32F4xx_HAL_Driver/Src/stm32f4xx_hal_gpio.o
 .ARM.attributes
                0x0000000000000213       0x34 ./Drivers/STM32F4xx_HAL_Driver/Src/stm32f4xx_hal_i2c.o
 .ARM.attributes
                0x0000000000000247       0x34 ./Drivers/STM32F4xx_HAL_Driver/Src/stm32f4xx_hal_iwdg.o
 .ARM.attributes
                0x000000000000027b       0x34 ./Drivers/STM32F4xx_HAL_Driver/Src/stm32f4xx_hal_rcc.o
 .ARM.attributes
                0x00000000000002af       0x34 ./Drivers/STM32F4xx_HAL_Driver/Src/stm32f4xx_hal_spi.o
 .ARM.attributes
                0x00000000000002e3       0x34 ./Drivers/STM32F4xx_HAL_Driver/Src/stm32f4xx_hal_wwdg.o
 .ARM.attributes
                0x0000000000000317       0x34 c:/st/stm32cubeide_1.6.1/stm32cubeide/plugins/com.st.stm32cube.ide.mcu.externaltools.gnu-tools-for-stm32.9-2020-q2-update.win32_2.0.0.202105311346/tools/bin/../lib/gcc/arm-none-eabi/9.3.1/../../../../arm-none-eabi/lib/thumb/v7e-m+fp/hard\libc_nano.a(lib_a-init.o)
 .ARM.attributes
                0x000000000000034b       0x34 c:/st/stm32cubeide_1.6.1/stm32cubeide/plugins/com.st.stm32cube.ide.mcu.externaltools.gnu-tools-for-stm32.9-2020-q2-update.win32_2.0.0.202105311346/tools/bin/../lib/gcc/arm-none-eabi/9.3.1/../../../../arm-none-eabi/lib/thumb/v7e-m+fp/hard\libc_nano.a(lib_a-memset.o)
 .ARM.attributes
                0x000000000000037f       0x1e c:/st/stm32cubeide_1.6.1/stm32cubeide/plugins/com.st.stm32cube.ide.mcu.externaltools.gnu-tools-for-stm32.9-2020-q2-update.win32_2.0.0.202105311346/tools/bin/../lib/gcc/arm-none-eabi/9.3.1/thumb/v7e-m+fp/hard\libgcc.a(_aeabi_uldivmod.o)
 .ARM.attributes
                0x000000000000039d       0x34 c:/st/stm32cubeide_1.6.1/stm32cubeide/plugins/com.st.stm32cube.ide.mcu.externaltools.gnu-tools-for-stm32.9-2020-q2-update.win32_2.0.0.202105311346/tools/bin/../lib/gcc/arm-none-eabi/9.3.1/thumb/v7e-m+fp/hard\libgcc.a(_udivmoddi4.o)
 .ARM.attributes
                0x00000000000003d1       0x1e c:/st/stm32cubeide_1.6.1/stm32cubeide/plugins/com.st.stm32cube.ide.mcu.externaltools.gnu-tools-for-stm32.9-2020-q2-update.win32_2.0.0.202105311346/tools/bin/../lib/gcc/arm-none-eabi/9.3.1/thumb/v7e-m+fp/hard\libgcc.a(_dvmd_tls.o)
 .ARM.attributes
                0x00000000000003ef       0x1e c:/st/stm32cubeide_1.6.1/stm32cubeide/plugins/com.st.stm32cube.ide.mcu.externaltools.gnu-tools-for-stm32.9-2020-q2-update.win32_2.0.0.202105311346/tools/bin/../lib/gcc/arm-none-eabi/9.3.1/thumb/v7e-m+fp/hard/crtn.o
OUTPUT(CAN_repeater.elf elf32-littlearm)
LOAD linker stubs
LOAD c:/st/stm32cubeide_1.6.1/stm32cubeide/plugins/com.st.stm32cube.ide.mcu.externaltools.gnu-tools-for-stm32.9-2020-q2-update.win32_2.0.0.202105311346/tools/bin/../lib/gcc/arm-none-eabi/9.3.1/../../../../arm-none-eabi/lib/thumb/v7e-m+fp/hard\libc.a
LOAD c:/st/stm32cubeide_1.6.1/stm32cubeide/plugins/com.st.stm32cube.ide.mcu.externaltools.gnu-tools-for-stm32.9-2020-q2-update.win32_2.0.0.202105311346/tools/bin/../lib/gcc/arm-none-eabi/9.3.1/../../../../arm-none-eabi/lib/thumb/v7e-m+fp/hard\libm.a
LOAD c:/st/stm32cubeide_1.6.1/stm32cubeide/plugins/com.st.stm32cube.ide.mcu.externaltools.gnu-tools-for-stm32.9-2020-q2-update.win32_2.0.0.202105311346/tools/bin/../lib/gcc/arm-none-eabi/9.3.1/thumb/v7e-m+fp/hard\libgcc.a

.debug_info     0x0000000000000000     0xc49e
 .debug_info    0x0000000000000000     0x2290 ./Core/Src/main.o
 .debug_info    0x0000000000002290     0x15a1 ./Core/Src/stm32f4xx_hal_msp.o
 .debug_info    0x0000000000003831      0x78a ./Core/Src/stm32f4xx_it.o
 .debug_info    0x0000000000003fbb      0x5a4 ./Core/Src/system_stm32f4xx.o
 .debug_info    0x000000000000455f       0x22 ./Core/Startup/startup_stm32f407vgtx.o
 .debug_info    0x0000000000004581      0x9b2 ./Drivers/STM32F4xx_HAL_Driver/Src/stm32f4xx_hal.o
 .debug_info    0x0000000000004f33     0x108c ./Drivers/STM32F4xx_HAL_Driver/Src/stm32f4xx_hal_can.o
 .debug_info    0x0000000000005fbf      0xed7 ./Drivers/STM32F4xx_HAL_Driver/Src/stm32f4xx_hal_cortex.o
 .debug_info    0x0000000000006e96      0x83e ./Drivers/STM32F4xx_HAL_Driver/Src/stm32f4xx_hal_gpio.o
 .debug_info    0x00000000000076d4     0x264d ./Drivers/STM32F4xx_HAL_Driver/Src/stm32f4xx_hal_i2c.o
 .debug_info    0x0000000000009d21      0x2cb ./Drivers/STM32F4xx_HAL_Driver/Src/stm32f4xx_hal_iwdg.o
 .debug_info    0x0000000000009fec      0x996 ./Drivers/STM32F4xx_HAL_Driver/Src/stm32f4xx_hal_rcc.o
 .debug_info    0x000000000000a982     0x17c0 ./Drivers/STM32F4xx_HAL_Driver/Src/stm32f4xx_hal_spi.o
 .debug_info    0x000000000000c142      0x35c ./Drivers/STM32F4xx_HAL_Driver/Src/stm32f4xx_hal_wwdg.o

.debug_abbrev   0x0000000000000000     0x1c1c
 .debug_abbrev  0x0000000000000000      0x333 ./Core/Src/main.o
 .debug_abbrev  0x0000000000000333      0x224 ./Core/Src/stm32f4xx_hal_msp.o
 .debug_abbrev  0x0000000000000557      0x1a8 ./Core/Src/stm32f4xx_it.o
 .debug_abbrev  0x00000000000006ff      0x145 ./Core/Src/system_stm32f4xx.o
 .debug_abbrev  0x0000000000000844       0x12 ./Core/Startup/startup_stm32f407vgtx.o
 .debug_abbrev  0x0000000000000856      0x1ed ./Drivers/STM32F4xx_HAL_Driver/Src/stm32f4xx_hal.o
 .debug_abbrev  0x0000000000000a43      0x246 ./Drivers/STM32F4xx_HAL_Driver/Src/stm32f4xx_hal_can.o
 .debug_abbrev  0x0000000000000c89      0x33c ./Drivers/STM32F4xx_HAL_Driver/Src/stm32f4xx_hal_cortex.o
 .debug_abbrev  0x0000000000000fc5      0x1f1 ./Drivers/STM32F4xx_HAL_Driver/Src/stm32f4xx_hal_gpio.o
 .debug_abbrev  0x00000000000011b6      0x282 ./Drivers/STM32F4xx_HAL_Driver/Src/stm32f4xx_hal_i2c.o
 .debug_abbrev  0x0000000000001438      0x152 ./Drivers/STM32F4xx_HAL_Driver/Src/stm32f4xx_hal_iwdg.o
 .debug_abbrev  0x000000000000158a      0x275 ./Drivers/STM32F4xx_HAL_Driver/Src/stm32f4xx_hal_rcc.o
 .debug_abbrev  0x00000000000017ff      0x26e ./Drivers/STM32F4xx_HAL_Driver/Src/stm32f4xx_hal_spi.o
 .debug_abbrev  0x0000000000001a6d      0x1af ./Drivers/STM32F4xx_HAL_Driver/Src/stm32f4xx_hal_wwdg.o

.debug_aranges  0x0000000000000000      0xad8
 .debug_aranges
                0x0000000000000000       0x90 ./Core/Src/main.o
 .debug_aranges
                0x0000000000000090       0x58 ./Core/Src/stm32f4xx_hal_msp.o
 .debug_aranges
                0x00000000000000e8       0xa8 ./Core/Src/stm32f4xx_it.o
 .debug_aranges
                0x0000000000000190       0x28 ./Core/Src/system_stm32f4xx.o
 .debug_aranges
                0x00000000000001b8       0x28 ./Core/Startup/startup_stm32f407vgtx.o
 .debug_aranges
                0x00000000000001e0       0xf0 ./Drivers/STM32F4xx_HAL_Driver/Src/stm32f4xx_hal.o
 .debug_aranges
                0x00000000000002d0      0x138 ./Drivers/STM32F4xx_HAL_Driver/Src/stm32f4xx_hal_can.o
 .debug_aranges
                0x0000000000000408      0x118 ./Drivers/STM32F4xx_HAL_Driver/Src/stm32f4xx_hal_cortex.o
 .debug_aranges
                0x0000000000000520       0x58 ./Drivers/STM32F4xx_HAL_Driver/Src/stm32f4xx_hal_gpio.o
 .debug_aranges
                0x0000000000000578      0x2a0 ./Drivers/STM32F4xx_HAL_Driver/Src/stm32f4xx_hal_i2c.o
 .debug_aranges
                0x0000000000000818       0x28 ./Drivers/STM32F4xx_HAL_Driver/Src/stm32f4xx_hal_iwdg.o
 .debug_aranges
                0x0000000000000840       0x88 ./Drivers/STM32F4xx_HAL_Driver/Src/stm32f4xx_hal_rcc.o
 .debug_aranges
                0x00000000000008c8      0x1d0 ./Drivers/STM32F4xx_HAL_Driver/Src/stm32f4xx_hal_spi.o
 .debug_aranges
                0x0000000000000a98       0x40 ./Drivers/STM32F4xx_HAL_Driver/Src/stm32f4xx_hal_wwdg.o

.debug_ranges   0x0000000000000000      0xa28
 .debug_ranges  0x0000000000000000       0x80 ./Core/Src/main.o
 .debug_ranges  0x0000000000000080       0x48 ./Core/Src/stm32f4xx_hal_msp.o
 .debug_ranges  0x00000000000000c8       0x98 ./Core/Src/stm32f4xx_it.o
 .debug_ranges  0x0000000000000160       0x18 ./Core/Src/system_stm32f4xx.o
 .debug_ranges  0x0000000000000178       0x20 ./Core/Startup/startup_stm32f407vgtx.o
 .debug_ranges  0x0000000000000198       0xe0 ./Drivers/STM32F4xx_HAL_Driver/Src/stm32f4xx_hal.o
 .debug_ranges  0x0000000000000278      0x128 ./Drivers/STM32F4xx_HAL_Driver/Src/stm32f4xx_hal_can.o
 .debug_ranges  0x00000000000003a0      0x108 ./Drivers/STM32F4xx_HAL_Driver/Src/stm32f4xx_hal_cortex.o
 .debug_ranges  0x00000000000004a8       0x48 ./Drivers/STM32F4xx_HAL_Driver/Src/stm32f4xx_hal_gpio.o
 .debug_ranges  0x00000000000004f0      0x2b8 ./Drivers/STM32F4xx_HAL_Driver/Src/stm32f4xx_hal_i2c.o
 .debug_ranges  0x00000000000007a8       0x18 ./Drivers/STM32F4xx_HAL_Driver/Src/stm32f4xx_hal_iwdg.o
 .debug_ranges  0x00000000000007c0       0x78 ./Drivers/STM32F4xx_HAL_Driver/Src/stm32f4xx_hal_rcc.o
 .debug_ranges  0x0000000000000838      0x1c0 ./Drivers/STM32F4xx_HAL_Driver/Src/stm32f4xx_hal_spi.o
 .debug_ranges  0x00000000000009f8       0x30 ./Drivers/STM32F4xx_HAL_Driver/Src/stm32f4xx_hal_wwdg.o

.debug_macro    0x0000000000000000    0x24ef1
 .debug_macro   0x0000000000000000      0x2de ./Core/Src/main.o
 .debug_macro   0x00000000000002de      0xaa8 ./Core/Src/main.o
 .debug_macro   0x0000000000000d86      0x2ad ./Core/Src/main.o
 .debug_macro   0x0000000000001033       0x2e ./Core/Src/main.o
 .debug_macro   0x0000000000001061       0x2f ./Core/Src/main.o
 .debug_macro   0x0000000000001090       0x22 ./Core/Src/main.o
 .debug_macro   0x00000000000010b2       0x8e ./Core/Src/main.o
 .debug_macro   0x0000000000001140       0x51 ./Core/Src/main.o
 .debug_macro   0x0000000000001191      0x103 ./Core/Src/main.o
 .debug_macro   0x0000000000001294       0x6a ./Core/Src/main.o
 .debug_macro   0x00000000000012fe      0x1df ./Core/Src/main.o
 .debug_macro   0x00000000000014dd       0x1c ./Core/Src/main.o
 .debug_macro   0x00000000000014f9       0x22 ./Core/Src/main.o
 .debug_macro   0x000000000000151b       0xdf ./Core/Src/main.o
 .debug_macro   0x00000000000015fa     0x102d ./Core/Src/main.o
 .debug_macro   0x0000000000002627      0x11f ./Core/Src/main.o
 .debug_macro   0x0000000000002746    0x15e58 ./Core/Src/main.o
 .debug_macro   0x000000000001859e       0x6d ./Core/Src/main.o
 .debug_macro   0x000000000001860b     0x3666 ./Core/Src/main.o
 .debug_macro   0x000000000001bc71      0x174 ./Core/Src/main.o
 .debug_macro   0x000000000001bde5       0x5c ./Core/Src/main.o
 .debug_macro   0x000000000001be41      0x96b ./Core/Src/main.o
 .debug_macro   0x000000000001c7ac      0x9fe ./Core/Src/main.o
 .debug_macro   0x000000000001d1aa      0x116 ./Core/Src/main.o
 .debug_macro   0x000000000001d2c0      0x13e ./Core/Src/main.o
 .debug_macro   0x000000000001d3fe       0xa5 ./Core/Src/main.o
 .debug_macro   0x000000000001d4a3      0x174 ./Core/Src/main.o
 .debug_macro   0x000000000001d617      0x287 ./Core/Src/main.o
 .debug_macro   0x000000000001d89e       0x5f ./Core/Src/main.o
 .debug_macro   0x000000000001d8fd      0x236 ./Core/Src/main.o
 .debug_macro   0x000000000001db33      0x40f ./Core/Src/main.o
 .debug_macro   0x000000000001df42      0x12c ./Core/Src/main.o
 .debug_macro   0x000000000001e06e      0x21e ./Core/Src/main.o
 .debug_macro   0x000000000001e28c       0x2e ./Core/Src/main.o
 .debug_macro   0x000000000001e2ba      0x1b5 ./Core/Src/main.o
 .debug_macro   0x000000000001e46f       0xd6 ./Core/Src/main.o
 .debug_macro   0x000000000001e545       0x78 ./Core/Src/main.o
 .debug_macro   0x000000000001e5bd      0x11a ./Core/Src/main.o
 .debug_macro   0x000000000001e6d7       0x7e ./Core/Src/main.o
 .debug_macro   0x000000000001e755       0x89 ./Core/Src/main.o
 .debug_macro   0x000000000001e7de      0x225 ./Core/Src/main.o
 .debug_macro   0x000000000001ea03       0x8d ./Core/Src/main.o
 .debug_macro   0x000000000001ea90      0x12d ./Core/Src/main.o
 .debug_macro   0x000000000001ebbd      0x160 ./Core/Src/main.o
 .debug_macro   0x000000000001ed1d       0x52 ./Core/Src/main.o
 .debug_macro   0x000000000001ed6f       0x18 ./Core/Src/main.o
 .debug_macro   0x000000000001ed87       0x3c ./Core/Src/main.o
 .debug_macro   0x000000000001edc3       0x34 ./Core/Src/main.o
 .debug_macro   0x000000000001edf7       0x16 ./Core/Src/main.o
 .debug_macro   0x000000000001ee0d       0x43 ./Core/Src/main.o
 .debug_macro   0x000000000001ee50       0x34 ./Core/Src/main.o
 .debug_macro   0x000000000001ee84       0x10 ./Core/Src/main.o
 .debug_macro   0x000000000001ee94       0x58 ./Core/Src/main.o
 .debug_macro   0x000000000001eeec       0x71 ./Core/Src/main.o
 .debug_macro   0x000000000001ef5d       0x1c ./Core/Src/main.o
 .debug_macro   0x000000000001ef79      0x12a ./Core/Src/main.o
 .debug_macro   0x000000000001f0a3      0x333 ./Core/Src/main.o
 .debug_macro   0x000000000001f3d6       0x10 ./Core/Src/main.o
 .debug_macro   0x000000000001f3e6       0x35 ./Core/Src/main.o
 .debug_macro   0x000000000001f41b       0x20 ./Core/Src/main.o
 .debug_macro   0x000000000001f43b     0x4241 ./Core/Src/main.o
 .debug_macro   0x000000000002367c      0x201 ./Core/Src/stm32f4xx_hal_msp.o
 .debug_macro   0x000000000002387d      0x20b ./Core/Src/stm32f4xx_it.o
 .debug_macro   0x0000000000023a88      0x1f2 ./Core/Src/system_stm32f4xx.o
 .debug_macro   0x0000000000023c7a      0x252 ./Drivers/STM32F4xx_HAL_Driver/Src/stm32f4xx_hal.o
 .debug_macro   0x0000000000023ecc      0x1fa ./Drivers/STM32F4xx_HAL_Driver/Src/stm32f4xx_hal_can.o
 .debug_macro   0x00000000000240c6      0x1f2 ./Drivers/STM32F4xx_HAL_Driver/Src/stm32f4xx_hal_cortex.o
 .debug_macro   0x00000000000242b8      0x1f8 ./Drivers/STM32F4xx_HAL_Driver/Src/stm32f4xx_hal_gpio.o
 .debug_macro   0x00000000000244b0      0x239 ./Drivers/STM32F4xx_HAL_Driver/Src/stm32f4xx_hal_i2c.o
 .debug_macro   0x00000000000246e9      0x1fe ./Drivers/STM32F4xx_HAL_Driver/Src/stm32f4xx_hal_iwdg.o
 .debug_macro   0x00000000000248e7      0x216 ./Drivers/STM32F4xx_HAL_Driver/Src/stm32f4xx_hal_rcc.o
 .debug_macro   0x0000000000024afd      0x201 ./Drivers/STM32F4xx_HAL_Driver/Src/stm32f4xx_hal_spi.o
 .debug_macro   0x0000000000024cfe      0x1f3 ./Drivers/STM32F4xx_HAL_Driver/Src/stm32f4xx_hal_wwdg.o

.debug_line     0x0000000000000000     0xccc8
 .debug_line    0x0000000000000000      0xd83 ./Core/Src/main.o
 .debug_line    0x0000000000000d83      0x88a ./Core/Src/stm32f4xx_hal_msp.o
 .debug_line    0x000000000000160d      0x8a7 ./Core/Src/stm32f4xx_it.o
 .debug_line    0x0000000000001eb4      0x78e ./Core/Src/system_stm32f4xx.o
 .debug_line    0x0000000000002642       0x88 ./Core/Startup/startup_stm32f407vgtx.o
 .debug_line    0x00000000000026ca      0x9f4 ./Drivers/STM32F4xx_HAL_Driver/Src/stm32f4xx_hal.o
 .debug_line    0x00000000000030be     0x1160 ./Drivers/STM32F4xx_HAL_Driver/Src/stm32f4xx_hal_can.o
 .debug_line    0x000000000000421e      0xca3 ./Drivers/STM32F4xx_HAL_Driver/Src/stm32f4xx_hal_cortex.o
 .debug_line    0x0000000000004ec1      0xb6a ./Drivers/STM32F4xx_HAL_Driver/Src/stm32f4xx_hal_gpio.o
 .debug_line    0x0000000000005a2b     0x39a0 ./Drivers/STM32F4xx_HAL_Driver/Src/stm32f4xx_hal_i2c.o
 .debug_line    0x00000000000093cb      0x783 ./Drivers/STM32F4xx_HAL_Driver/Src/stm32f4xx_hal_iwdg.o
 .debug_line    0x0000000000009b4e      0xd70 ./Drivers/STM32F4xx_HAL_Driver/Src/stm32f4xx_hal_rcc.o
 .debug_line    0x000000000000a8be     0x1c7c ./Drivers/STM32F4xx_HAL_Driver/Src/stm32f4xx_hal_spi.o
 .debug_line    0x000000000000c53a      0x78e ./Drivers/STM32F4xx_HAL_Driver/Src/stm32f4xx_hal_wwdg.o

.debug_str      0x0000000000000000    0xd3509
 .debug_str     0x0000000000000000    0xd0afe ./Core/Src/main.o
                                      0xd0f2c (size before relaxing)
 .debug_str     0x00000000000d0afe      0x597 ./Core/Src/stm32f4xx_hal_msp.o
                                      0xc191f (size before relaxing)
 .debug_str     0x00000000000d1095      0x15b ./Core/Src/stm32f4xx_it.o
                                      0xc0d24 (size before relaxing)
 .debug_str     0x00000000000d11f0       0xaf ./Core/Src/system_stm32f4xx.o
                                      0xc04f2 (size before relaxing)
 .debug_str     0x00000000000d129f       0x36 ./Core/Startup/startup_stm32f407vgtx.o
                                         0x71 (size before relaxing)
 .debug_str     0x00000000000d12d5      0x583 ./Drivers/STM32F4xx_HAL_Driver/Src/stm32f4xx_hal.o
                                      0xc0fd4 (size before relaxing)
 .debug_str     0x00000000000d1858      0x3d7 ./Drivers/STM32F4xx_HAL_Driver/Src/stm32f4xx_hal_can.o
                                      0xc0bfe (size before relaxing)
 .debug_str     0x00000000000d1c2f      0x399 ./Drivers/STM32F4xx_HAL_Driver/Src/stm32f4xx_hal_cortex.o
                                      0xc0dc3 (size before relaxing)
 .debug_str     0x00000000000d1fc8      0x15f ./Drivers/STM32F4xx_HAL_Driver/Src/stm32f4xx_hal_gpio.o
                                      0xc0699 (size before relaxing)
 .debug_str     0x00000000000d2127      0xac3 ./Drivers/STM32F4xx_HAL_Driver/Src/stm32f4xx_hal_i2c.o
                                      0xc1474 (size before relaxing)
 .debug_str     0x00000000000d2bea       0xf3 ./Drivers/STM32F4xx_HAL_Driver/Src/stm32f4xx_hal_iwdg.o
                                      0xc04d2 (size before relaxing)
 .debug_str     0x00000000000d2cdd      0x24e ./Drivers/STM32F4xx_HAL_Driver/Src/stm32f4xx_hal_rcc.o
                                      0xc08f4 (size before relaxing)
 .debug_str     0x00000000000d2f2b      0x555 ./Drivers/STM32F4xx_HAL_Driver/Src/stm32f4xx_hal_spi.o
                                      0xc0d96 (size before relaxing)
 .debug_str     0x00000000000d3480       0x89 ./Drivers/STM32F4xx_HAL_Driver/Src/stm32f4xx_hal_wwdg.o
                                      0xc0485 (size before relaxing)

.comment        0x0000000000000000       0x53
 .comment       0x0000000000000000       0x53 ./Core/Src/main.o
                                         0x54 (size before relaxing)
 .comment       0x0000000000000053       0x54 ./Core/Src/stm32f4xx_hal_msp.o
 .comment       0x0000000000000053       0x54 ./Core/Src/stm32f4xx_it.o
 .comment       0x0000000000000053       0x54 ./Core/Src/system_stm32f4xx.o
 .comment       0x0000000000000053       0x54 ./Drivers/STM32F4xx_HAL_Driver/Src/stm32f4xx_hal.o
 .comment       0x0000000000000053       0x54 ./Drivers/STM32F4xx_HAL_Driver/Src/stm32f4xx_hal_can.o
 .comment       0x0000000000000053       0x54 ./Drivers/STM32F4xx_HAL_Driver/Src/stm32f4xx_hal_cortex.o
 .comment       0x0000000000000053       0x54 ./Drivers/STM32F4xx_HAL_Driver/Src/stm32f4xx_hal_gpio.o
 .comment       0x0000000000000053       0x54 ./Drivers/STM32F4xx_HAL_Driver/Src/stm32f4xx_hal_i2c.o
 .comment       0x0000000000000053       0x54 ./Drivers/STM32F4xx_HAL_Driver/Src/stm32f4xx_hal_iwdg.o
 .comment       0x0000000000000053       0x54 ./Drivers/STM32F4xx_HAL_Driver/Src/stm32f4xx_hal_rcc.o
 .comment       0x0000000000000053       0x54 ./Drivers/STM32F4xx_HAL_Driver/Src/stm32f4xx_hal_spi.o
 .comment       0x0000000000000053       0x54 ./Drivers/STM32F4xx_HAL_Driver/Src/stm32f4xx_hal_wwdg.o

.debug_frame    0x0000000000000000     0x2cac
 .debug_frame   0x0000000000000000      0x1e4 ./Core/Src/main.o
 .debug_frame   0x00000000000001e4      0x130 ./Core/Src/stm32f4xx_hal_msp.o
 .debug_frame   0x0000000000000314      0x200 ./Core/Src/stm32f4xx_it.o
 .debug_frame   0x0000000000000514       0x58 ./Core/Src/system_stm32f4xx.o
 .debug_frame   0x000000000000056c      0x374 ./Drivers/STM32F4xx_HAL_Driver/Src/stm32f4xx_hal.o
 .debug_frame   0x00000000000008e0      0x5a0 ./Drivers/STM32F4xx_HAL_Driver/Src/stm32f4xx_hal_can.o
 .debug_frame   0x0000000000000e80      0x498 ./Drivers/STM32F4xx_HAL_Driver/Src/stm32f4xx_hal_cortex.o
 .debug_frame   0x0000000000001318      0x14c ./Drivers/STM32F4xx_HAL_Driver/Src/stm32f4xx_hal_gpio.o
 .debug_frame   0x0000000000001464      0xc5c ./Drivers/STM32F4xx_HAL_Driver/Src/stm32f4xx_hal_i2c.o
 .debug_frame   0x00000000000020c0       0x5c ./Drivers/STM32F4xx_HAL_Driver/Src/stm32f4xx_hal_iwdg.o
 .debug_frame   0x000000000000211c      0x1f0 ./Drivers/STM32F4xx_HAL_Driver/Src/stm32f4xx_hal_rcc.o
 .debug_frame   0x000000000000230c      0x824 ./Drivers/STM32F4xx_HAL_Driver/Src/stm32f4xx_hal_spi.o
 .debug_frame   0x0000000000002b30       0xd0 ./Drivers/STM32F4xx_HAL_Driver/Src/stm32f4xx_hal_wwdg.o
 .debug_frame   0x0000000000002c00       0x2c c:/st/stm32cubeide_1.6.1/stm32cubeide/plugins/com.st.stm32cube.ide.mcu.externaltools.gnu-tools-for-stm32.9-2020-q2-update.win32_2.0.0.202105311346/tools/bin/../lib/gcc/arm-none-eabi/9.3.1/../../../../arm-none-eabi/lib/thumb/v7e-m+fp/hard\libc_nano.a(lib_a-init.o)
 .debug_frame   0x0000000000002c2c       0x20 c:/st/stm32cubeide_1.6.1/stm32cubeide/plugins/com.st.stm32cube.ide.mcu.externaltools.gnu-tools-for-stm32.9-2020-q2-update.win32_2.0.0.202105311346/tools/bin/../lib/gcc/arm-none-eabi/9.3.1/../../../../arm-none-eabi/lib/thumb/v7e-m+fp/hard\libc_nano.a(lib_a-memset.o)
 .debug_frame   0x0000000000002c4c       0x2c c:/st/stm32cubeide_1.6.1/stm32cubeide/plugins/com.st.stm32cube.ide.mcu.externaltools.gnu-tools-for-stm32.9-2020-q2-update.win32_2.0.0.202105311346/tools/bin/../lib/gcc/arm-none-eabi/9.3.1/thumb/v7e-m+fp/hard\libgcc.a(_aeabi_uldivmod.o)
 .debug_frame   0x0000000000002c78       0x34 c:/st/stm32cubeide_1.6.1/stm32cubeide/plugins/com.st.stm32cube.ide.mcu.externaltools.gnu-tools-for-stm32.9-2020-q2-update.win32_2.0.0.202105311346/tools/bin/../lib/gcc/arm-none-eabi/9.3.1/thumb/v7e-m+fp/hard\libgcc.a(_udivmoddi4.o)
