main.c:96:6:HAL_CAN_RxFifo0MsgPendingCallback	104	static
main.c:189:6:HAL_CAN_TxMailbox0CompleteCallback	16	static
main.c:205:6:HAL_CAN_TxMailbox1CompleteCallback	16	static
main.c:220:6:HAL_CAN_TxMailbox2CompleteCallback	16	static
main.c:243:5:main	64	static
main.c:438:6:SystemClock_Config	88	static
main.c:483:13:MX_CAN1_Init	8	static
main.c:520:13:MX_CAN2_Init	8	static
main.c:557:13:MX_I2C1_Init	8	static
main.c:591:13:MX_IWDG_Init	8	static
main.c:619:13:MX_SPI1_Init	8	static
main.c:657:13:MX_WWDG_Init	8	static
main.c:687:13:MX_GPIO_Init	56	static
main.c:798:6:Error_Handler	4	static,ignoring_inline_asm
