main.c:87:13:MX_CAN1_slientMode_Init	8	static
main.c:124:6:HAL_CAN_RxFifo0MsgPendingCallback	16	static
main.c:218:6:HAL_CAN_TxMailbox0CompleteCallback	16	static
main.c:235:6:HAL_CAN_TxMailbox1CompleteCallback	16	static
main.c:251:6:HAL_CAN_TxMailbox2CompleteCallback	16	static
main.c:275:5:main	56	static
main.c:451:6:SystemClock_Config	88	static
main.c:496:13:MX_CAN1_Init	8	static
main.c:533:13:MX_CAN2_Init	8	static
main.c:570:13:MX_I2C1_Init	8	static
main.c:604:13:MX_IWDG_Init	8	static
main.c:632:13:MX_SPI1_Init	8	static
main.c:670:13:MX_WWDG_Init	8	static
main.c:700:13:MX_GPIO_Init	56	static
main.c:783:6:Error_Handler	4	static,ignoring_inline_asm
